[32m✔[0m [33mConsole Ninja[0m extension is connected to [33mVite[0m, see [36mhttps://tinyurl.com/2vt8jxzw[0m
3:54:04 AM [vite] warning: `esbuild` option was specified by "vite:react-babel" plugin. This option is deprecated, please use `oxc` instead.
`optimizeDeps.rollupOptions` / `ssr.optimizeDeps.rollupOptions` is deprecated. Use `optimizeDeps.rolldownOptions` instead. Note that this option may be set by a plugin. Set VITE_DEPRECATION_TRACE=1 to see where it is called.
[vite:react-babel] We recommend switching to `@vitejs/plugin-react-oxc` for improved performance. More information at https://vite.dev/rolldown
3:54:04 AM [vite] (client) Forced re-optimization of dependencies
[33mWarning: Invalid input options (1 issue found)
- For the "jsx". Invalid key: Expected never but received "jsx". [0m

  VITE v8.2.2  ready in 2979 ms

  ➜  Local:   http://localhost:5175/
  ➜  Network: use --host to expose
  ➜  press h + enter to show help
[33mWarning: Invalid input options (1 issue found)
- For the "jsx". Invalid key: Expected never but received "jsx". [0m
3:54:42 AM [vite] (client) [console.warn] [DEPRECATED] loadable is deprecated and will be removed in v3. Please use a userland util with the `unwrap` util: https://github.com/pmndrs/jotai/pull/3217
3:57:20 AM [vite] (client) hmr update /src/App.tsx, /src/components/Layout.tsx, /src/pages/VerifyPendingPage.tsx, /src/pages/SessionExpiredPage.tsx, /src/pages/SignInPage.tsx, /src/pages/SignUpPage.tsx, /src/pages/EventsIndexPage.tsx, /src/pages/PayoutsPage.tsx, /src/app.tsx, /src/pages/payoutspage.tsx, /src/pages/RequestsPage.tsx, /src/pages/requestspage.tsx, /src/pages/DisputesPage.tsx, /src/pages/disputespage.tsx, /src/pages/ReportsPage.tsx, /src/pages/reportspage.tsx, /src/pages/RatingsPage.tsx, /src/pages/ratingspage.tsx and 4 more
3:57:34 AM [vite] (client) hmr update /src/App.tsx, /src/components/Layout.tsx, /src/pages/VerifyPendingPage.tsx, /src/pages/SessionExpiredPage.tsx, /src/pages/SignInPage.tsx, /src/pages/SignUpPage.tsx, /src/pages/EventsIndexPage.tsx, /src/pages/PayoutsPage.tsx, /src/app.tsx, /src/pages/payoutspage.tsx, /src/pages/RequestsPage.tsx, /src/pages/requestspage.tsx, /src/pages/DisputesPage.tsx, /src/pages/disputespage.tsx, /src/pages/ReportsPage.tsx, /src/pages/reportspage.tsx, /src/pages/RatingsPage.tsx, /src/pages/ratingspage.tsx and 4 more
3:58:16 AM [vite] (client) hmr update /src/App.tsx
3:58:25 AM [vite] (client) hmr update /src/App.tsx
3:58:29 AM [vite] (client) hmr update /src/App.tsx
3:58:37 AM [vite] (client) hmr update /src/components/Layout.tsx
3:58:38 AM [vite] (client) [Unhandled error] ReferenceError: NAV is not defined
 > NAV src/components/Layout.tsx:48:16
    46 |      <PortalShell
    47 |        brand="justforcpls · Host"
    48 |        navItems={NAV}
       |                  ^
    49 |        right={
    50 |          <>
 > renderWithHooks ../node_modules/react-dom/cjs/react-dom.development.js:15486:17
 > updateFunctionComponent ../node_modules/react-dom/cjs/react-dom.development.js:19617:19
 > beginWork ../node_modules/react-dom/cjs/react-dom.development.js:21640:15
 > HTMLUnknownElement.callCallback ../node_modules/react-dom/cjs/react-dom.development.js:4164:13
 > Object.invokeGuardedCallbackDev ../node_modules/react-dom/cjs/react-dom.development.js:4213:15
 > invokeGuardedCallback ../node_modules/react-dom/cjs/react-dom.development.js:4277:30
 > beginWork$1 ../node_modules/react-dom/cjs/react-dom.development.js:27490:6
 > performUnitOfWork ../node_modules/react-dom/cjs/react-dom.development.js:26596:11
 > workLoopSync ../node_modules/react-dom/cjs/react-dom.development.js:26505:4
 > renderRootSync ../node_modules/react-dom/cjs/react-dom.development.js:26473:6
 > performSyncWorkOnRoot ../node_modules/react-dom/cjs/react-dom.development.js:26124:19
 > flushSyncCallbacks ../node_modules/react-dom/cjs/react-dom.development.js:12042:21
 > flushSync ../node_modules/react-dom/cjs/react-dom.development.js:26240:6
 > Object.scheduleRefresh ../node_modules/react-dom/cjs/react-dom.development.js:27834:4
 > ../../../../../@react-refresh:228:17
 > performReactRefresh ../../../../../@react-refresh:217:26
 > ../../../../../@react-refresh:608:3

3:58:38 AM [vite] (client) [Unhandled error] ReferenceError: NAV is not defined
 > NAV src/components/Layout.tsx:48:16
    46 |      <PortalShell
    47 |        brand="justforcpls · Host"
    48 |        navItems={NAV}
       |                  ^
    49 |        right={
    50 |          <>
 > renderWithHooks ../node_modules/react-dom/cjs/react-dom.development.js:15486:17
 > updateFunctionComponent ../node_modules/react-dom/cjs/react-dom.development.js:19617:19
 > beginWork ../node_modules/react-dom/cjs/react-dom.development.js:21640:15
 > HTMLUnknownElement.callCallback ../node_modules/react-dom/cjs/react-dom.development.js:4164:13
 > Object.invokeGuardedCallbackDev ../node_modules/react-dom/cjs/react-dom.development.js:4213:15
 > invokeGuardedCallback ../node_modules/react-dom/cjs/react-dom.development.js:4277:30
 > beginWork$1 ../node_modules/react-dom/cjs/react-dom.development.js:27490:6
 > performUnitOfWork ../node_modules/react-dom/cjs/react-dom.development.js:26596:11
 > workLoopSync ../node_modules/react-dom/cjs/react-dom.development.js:26505:4
 > renderRootSync ../node_modules/react-dom/cjs/react-dom.development.js:26473:6
 > recoverFromConcurrentError ../node_modules/react-dom/cjs/react-dom.development.js:25889:19
 > performSyncWorkOnRoot ../node_modules/react-dom/cjs/react-dom.development.js:26135:19
 > flushSyncCallbacks ../node_modules/react-dom/cjs/react-dom.development.js:12042:21
 > flushSync ../node_modules/react-dom/cjs/react-dom.development.js:26240:6
 > Object.scheduleRefresh ../node_modules/react-dom/cjs/react-dom.development.js:27834:4
 > ../../../../../@react-refresh:228:17
 > performReactRefresh ../../../../../@react-refresh:217:26
 > ../../../../../@react-refresh:608:3

3:58:38 AM [vite] (client) [console.error] The above error occurred in the <Layout> component:

    at Layout (http://localhost:5175/src/components/Layout.tsx?t=1788560917615:85:19)
    at RequireAuth (http://localhost:5175/src/App.tsx?t=1788560909692:136:24)
    at RenderedRoute (http://localhost:5175/node_modules/.vite/deps/react-router-dom.js?v=6e482273:3330:8)
    at Routes (http://localhost:5175/node_modules/.vite/deps/react-router-dom.js?v=6e482273:3773:8)
    at AppRoutes
    at App (http://localhost:5175/src/App.tsx?t=1788560909692:478:20)
    at ToastProvider (http://localhost:5175/@fs/C:/Users/Abcom/Downloads/justforcpls-platform/jfc-ui-web/dist/organisms/Toast.js:32:3)
    at Router (http://localhost:5175/node_modules/.vite/deps/react-router-dom.js?v=6e482273:3721:18)
    at BrowserRouter (http://localhost:5175/node_modules/.vite/deps/react-router-dom.js?v=6e482273:4398:8)

Consider adding an error boundary to your tree to customize error handling behavior.
Visit https://reactjs.org/link/error-boundaries to learn more about error boundaries.
3:58:38 AM [vite] (client) [Unhandled rejection] ReferenceError: NAV is not defined
 > NAV src/components/Layout.tsx:48:16
    46 |      <PortalShell
    47 |        brand="justforcpls · Host"
    48 |        navItems={NAV}
       |                  ^
    49 |        right={
    50 |          <>
 > renderWithHooks ../node_modules/react-dom/cjs/react-dom.development.js:15486:17
 > updateFunctionComponent ../node_modules/react-dom/cjs/react-dom.development.js:19617:19
 > beginWork ../node_modules/react-dom/cjs/react-dom.development.js:21640:15
 > beginWork$1 ../node_modules/react-dom/cjs/react-dom.development.js:27465:13
 > performUnitOfWork ../node_modules/react-dom/cjs/react-dom.development.js:26596:11
 > workLoopSync ../node_modules/react-dom/cjs/react-dom.development.js:26505:4
 > renderRootSync ../node_modules/react-dom/cjs/react-dom.development.js:26473:6
 > recoverFromConcurrentError ../node_modules/react-dom/cjs/react-dom.development.js:25889:19
 > performSyncWorkOnRoot ../node_modules/react-dom/cjs/react-dom.development.js:26135:19
 > flushSyncCallbacks ../node_modules/react-dom/cjs/react-dom.development.js:12042:21
 > flushSync ../node_modules/react-dom/cjs/react-dom.development.js:26240:6
 > Object.scheduleRefresh ../node_modules/react-dom/cjs/react-dom.development.js:27834:4
 > ../../../../../@react-refresh:228:17
 > performReactRefresh ../../../../../@react-refresh:217:26
 > ../../../../../@react-refresh:608:3

3:58:45 AM [vite] (client) hmr update /src/components/Layout.tsx
12:47:02 PM [vite] (client) [console.warn] [DEPRECATED] loadable is deprecated and will be removed in v3. Please use a userland util with the `unwrap` util: https://github.com/pmndrs/jotai/pull/3217
12:55:04 PM [vite] (client) hmr update /src/App.tsx, /src/components/Layout.tsx, /src/pages/VerifyPendingPage.tsx, /src/pages/SessionExpiredPage.tsx, /src/pages/SignInPage.tsx, /src/pages/SignUpPage.tsx, /src/pages/EventsIndexPage.tsx, /src/pages/PayoutsPage.tsx, /src/app.tsx, /src/pages/payoutspage.tsx, /src/pages/RequestsPage.tsx, /src/pages/requestspage.tsx, /src/pages/DisputesPage.tsx, /src/pages/disputespage.tsx, /src/pages/ReportsPage.tsx, /src/pages/reportspage.tsx, /src/pages/RatingsPage.tsx, /src/pages/ratingspage.tsx and 5 more
12:55:27 PM [vite] (client) hmr update /src/App.tsx, /src/components/Layout.tsx, /src/pages/VerifyPendingPage.tsx, /src/pages/SessionExpiredPage.tsx, /src/pages/SignInPage.tsx, /src/pages/SignUpPage.tsx, /src/pages/EventsIndexPage.tsx, /src/pages/PayoutsPage.tsx, /src/app.tsx, /src/pages/payoutspage.tsx, /src/pages/RequestsPage.tsx, /src/pages/requestspage.tsx, /src/pages/DisputesPage.tsx, /src/pages/disputespage.tsx, /src/pages/ReportsPage.tsx, /src/pages/reportspage.tsx, /src/pages/RatingsPage.tsx, /src/pages/ratingspage.tsx and 5 more
12:55:45 PM [vite] (client) hmr update /src/App.tsx, /src/components/Layout.tsx, /src/pages/VerifyPendingPage.tsx, /src/pages/SessionExpiredPage.tsx, /src/pages/SignInPage.tsx, /src/pages/SignUpPage.tsx, /src/pages/EventsIndexPage.tsx, /src/pages/PayoutsPage.tsx, /src/app.tsx, /src/pages/payoutspage.tsx, /src/pages/RequestsPage.tsx, /src/pages/requestspage.tsx, /src/pages/DisputesPage.tsx, /src/pages/disputespage.tsx, /src/pages/ReportsPage.tsx, /src/pages/reportspage.tsx, /src/pages/RatingsPage.tsx, /src/pages/ratingspage.tsx and 5 more
12:56:17 PM [vite] (client) hmr update /src/pages/PromotersPage.tsx
12:57:43 PM [vite] (client) hmr update /src/pages/VerifyPendingPage.tsx
12:57:57 PM [vite] (client) [console.warn] [DEPRECATED] loadable is deprecated and will be removed in v3. Please use a userland util with the `unwrap` util: https://github.com/pmndrs/jotai/pull/3217
1:00:33 PM [vite] (client) hmr update /src/App.tsx, /src/components/Layout.tsx, /src/pages/VerifyPendingPage.tsx, /src/pages/SessionExpiredPage.tsx, /src/pages/SignInPage.tsx, /src/pages/SignUpPage.tsx, /src/pages/EventsIndexPage.tsx, /src/pages/PayoutsPage.tsx, /src/app.tsx, /src/pages/payoutspage.tsx, /src/pages/RequestsPage.tsx, /src/pages/requestspage.tsx, /src/pages/DisputesPage.tsx, /src/pages/disputespage.tsx, /src/pages/ReportsPage.tsx, /src/pages/reportspage.tsx, /src/pages/RatingsPage.tsx, /src/pages/ratingspage.tsx and 5 more
1:00:59 PM [vite] (client) hmr update /src/App.tsx, /src/components/Layout.tsx, /src/pages/VerifyPendingPage.tsx, /src/pages/SessionExpiredPage.tsx, /src/pages/SignInPage.tsx, /src/pages/SignUpPage.tsx, /src/pages/EventsIndexPage.tsx, /src/pages/PayoutsPage.tsx, /src/app.tsx, /src/pages/payoutspage.tsx, /src/pages/RequestsPage.tsx, /src/pages/requestspage.tsx, /src/pages/DisputesPage.tsx, /src/pages/disputespage.tsx, /src/pages/ReportsPage.tsx, /src/pages/reportspage.tsx, /src/pages/RatingsPage.tsx, /src/pages/ratingspage.tsx and 5 more
1:01:05 PM [vite] (client) hmr update /src/App.tsx, /src/components/Layout.tsx, /src/pages/VerifyPendingPage.tsx, /src/pages/SessionExpiredPage.tsx, /src/pages/SignInPage.tsx, /src/pages/SignUpPage.tsx, /src/pages/EventsIndexPage.tsx, /src/pages/PayoutsPage.tsx, /src/app.tsx, /src/pages/payoutspage.tsx, /src/pages/RequestsPage.tsx, /src/pages/requestspage.tsx, /src/pages/DisputesPage.tsx, /src/pages/disputespage.tsx, /src/pages/ReportsPage.tsx, /src/pages/reportspage.tsx, /src/pages/RatingsPage.tsx, /src/pages/ratingspage.tsx and 5 more
1:01:27 PM [vite] (client) hmr update /src/App.tsx, /src/components/Layout.tsx, /src/pages/VerifyPendingPage.tsx, /src/pages/SessionExpiredPage.tsx, /src/pages/SignInPage.tsx, /src/pages/SignUpPage.tsx, /src/pages/EventsIndexPage.tsx, /src/pages/PayoutsPage.tsx, /src/app.tsx, /src/pages/payoutspage.tsx, /src/pages/RequestsPage.tsx, /src/pages/requestspage.tsx, /src/pages/DisputesPage.tsx, /src/pages/disputespage.tsx, /src/pages/ReportsPage.tsx, /src/pages/reportspage.tsx, /src/pages/RatingsPage.tsx, /src/pages/ratingspage.tsx and 5 more
1:01:35 PM [vite] (client) hmr update /src/pages/RequestsPage.tsx
1:01:52 PM [vite] (client) hmr update /src/pages/RequestsPage.tsx
1:02:02 PM [vite] (client) hmr update /src/pages/RequestsPage.tsx
1:02:28 PM [vite] (client) hmr update /src/pages/RequestsPage.tsx
1:02:41 PM [vite] (client) hmr update /src/pages/RequestsPage.tsx
1:07:31 PM [vite] (client) [console.warn] [DEPRECATED] loadable is deprecated and will be removed in v3. Please use a userland util with the `unwrap` util: https://github.com/pmndrs/jotai/pull/3217
1:09:47 PM [vite] (client) hmr update /src/App.tsx, /src/components/Layout.tsx, /src/pages/VerifyPendingPage.tsx, /src/pages/SessionExpiredPage.tsx, /src/pages/SignInPage.tsx, /src/pages/SignUpPage.tsx, /src/pages/EventsIndexPage.tsx, /src/pages/PayoutsPage.tsx, /src/app.tsx, /src/pages/payoutspage.tsx, /src/pages/RequestsPage.tsx, /src/pages/requestspage.tsx, /src/pages/DisputesPage.tsx, /src/pages/disputespage.tsx, /src/pages/ReportsPage.tsx, /src/pages/reportspage.tsx, /src/pages/RatingsPage.tsx, /src/pages/ratingspage.tsx and 5 more
1:10:10 PM [vite] (client) hmr update /src/App.tsx, /src/components/Layout.tsx, /src/pages/VerifyPendingPage.tsx, /src/pages/SessionExpiredPage.tsx, /src/pages/SignInPage.tsx, /src/pages/SignUpPage.tsx, /src/pages/EventsIndexPage.tsx, /src/pages/PayoutsPage.tsx, /src/app.tsx, /src/pages/payoutspage.tsx, /src/pages/RequestsPage.tsx, /src/pages/requestspage.tsx, /src/pages/DisputesPage.tsx, /src/pages/disputespage.tsx, /src/pages/ReportsPage.tsx, /src/pages/reportspage.tsx, /src/pages/RatingsPage.tsx, /src/pages/ratingspage.tsx and 5 more
1:10:22 PM [vite] (client) hmr update /src/App.tsx, /src/components/Layout.tsx, /src/pages/VerifyPendingPage.tsx, /src/pages/SessionExpiredPage.tsx, /src/pages/SignInPage.tsx, /src/pages/SignUpPage.tsx, /src/pages/EventsIndexPage.tsx, /src/pages/PayoutsPage.tsx, /src/app.tsx, /src/pages/payoutspage.tsx, /src/pages/RequestsPage.tsx, /src/pages/requestspage.tsx, /src/pages/DisputesPage.tsx, /src/pages/disputespage.tsx, /src/pages/ReportsPage.tsx, /src/pages/reportspage.tsx, /src/pages/RatingsPage.tsx, /src/pages/ratingspage.tsx and 5 more
1:11:34 PM [vite] (client) hmr update /src/App.tsx, /src/components/Layout.tsx, /src/pages/VerifyPendingPage.tsx, /src/pages/SessionExpiredPage.tsx, /src/pages/SignInPage.tsx, /src/pages/SignUpPage.tsx, /src/pages/EventsIndexPage.tsx, /src/pages/PayoutsPage.tsx, /src/app.tsx, /src/pages/payoutspage.tsx, /src/pages/RequestsPage.tsx, /src/pages/requestspage.tsx, /src/pages/DisputesPage.tsx, /src/pages/disputespage.tsx, /src/pages/ReportsPage.tsx, /src/pages/reportspage.tsx, /src/pages/RatingsPage.tsx, /src/pages/ratingspage.tsx and 5 more
1:40:37 PM [vite] (client) [console.warn] [DEPRECATED] loadable is deprecated and will be removed in v3. Please use a userland util with the `unwrap` util: https://github.com/pmndrs/jotai/pull/3217
1:51:50 PM [vite] (client) page reload src/lib/api.ts
1:52:11 PM [vite] (client) page reload src/lib/atoms.ts
1:52:24 PM [vite] (client) page reload src/lib/atoms.ts
1:52:30 PM [vite] (client) hmr update /src/pages/RatingsPage.tsx
1:52:41 PM [vite] (client) hmr update /src/pages/RatingsPage.tsx
1:52:53 PM [vite] (client) hmr update /src/pages/RatingsPage.tsx
1:53:06 PM [vite] (client) hmr update /src/pages/RatingsPage.tsx
1:53:36 PM [vite] (client) [console.warn] [DEPRECATED] loadable is deprecated and will be removed in v3. Please use a userland util with the `unwrap` util: https://github.com/pmndrs/jotai/pull/3217
2:16:35 PM [vite] (client) [console.warn] [DEPRECATED] loadable is deprecated and will be removed in v3. Please use a userland util with the `unwrap` util: https://github.com/pmndrs/jotai/pull/3217
3:02:11 PM [vite] (client) [console.warn] [DEPRECATED] loadable is deprecated and will be removed in v3. Please use a userland util with the `unwrap` util: https://github.com/pmndrs/jotai/pull/3217
3:02:20 PM [vite] (client) page reload src/lib/api.ts
3:02:54 PM [vite] (client) hmr update /src/App.tsx
3:03:04 PM [vite] (client) hmr update /src/App.tsx
3:03:17 PM [vite] (client) hmr update /src/components/Layout.tsx
3:03:28 PM [vite] (client) hmr update /src/components/Layout.tsx
3:44:49 PM [vite] (client) page reload src/lib/api.ts
3:44:59 PM [vite] (client) page reload src/lib/atoms.ts
3:45:09 PM [vite] (client) hmr update /src/pages/RatingsPage.tsx
3:45:19 PM [vite] (client) hmr update /src/pages/RatingsPage.tsx
3:45:27 PM [vite] (client) hmr update /src/pages/RatingsPage.tsx
3:50:46 PM [vite] (client) page reload src/lib/api.ts
3:51:21 PM [vite] (client) page reload src/lib/atoms.ts
3:51:30 PM [vite] (client) page reload src/lib/atoms.ts
3:51:38 PM [vite] (client) hmr update /src/pages/DevicesPage.tsx
3:51:58 PM [vite] (client) hmr update /src/pages/DevicesPage.tsx
3:52:15 PM [vite] (client) hmr update /src/pages/DevicesPage.tsx
3:52:38 PM [vite] (client) hmr update /src/pages/InviteAcceptPage.tsx
4:13:10 PM [vite] (client) page reload src/lib/api.ts
4:13:28 PM [vite] (client) page reload src/lib/atoms.ts
4:14:10 PM [vite] (client) hmr update /src/pages/InventoryPage.tsx
4:14:15 PM [vite] (client) hmr update /src/pages/InventoryPage.tsx
4:14:23 PM [vite] (client) hmr update /src/pages/InventoryPage.tsx
4:14:35 PM [vite] (client) hmr update /src/pages/InventoryPage.tsx
4:14:48 PM [vite] (client) hmr update /src/pages/InventoryPage.tsx
4:22:55 PM [vite] (client) page reload src/lib/api.ts
4:23:09 PM [vite] (client) page reload src/lib/api.ts
4:23:13 PM [vite] (client) page reload src/lib/api.ts
4:23:18 PM [vite] (client) page reload src/lib/api.ts
4:23:33 PM [vite] (client) page reload src/lib/atoms.ts
4:23:39 PM [vite] (client) page reload src/lib/atoms.ts
4:24:16 PM [vite] (client) hmr update /src/pages/VerifyPendingPage.tsx
4:24:40 PM [vite] (client) hmr update /src/pages/VerifyPendingPage.tsx
4:24:48 PM [vite] (client) hmr update /src/pages/VerifyPendingPage.tsx
4:24:59 PM [vite] (client) hmr update /src/pages/VerifyPendingPage.tsx
4:25:07 PM [vite] (client) hmr update /src/pages/SignUpPage.tsx
4:25:13 PM [vite] (client) hmr update /src/pages/SignUpPage.tsx
4:25:39 PM [vite] (client) hmr update /src/pages/VerifyPendingPage.tsx
4:41:04 PM [vite] (client) page reload src/lib/api.ts
4:41:25 PM [vite] (client) page reload src/lib/api.ts
4:41:42 PM [vite] (client) page reload src/lib/atoms.ts
4:41:51 PM [vite] (client) hmr update /src/pages/EventsIndexPage.tsx, /src/pages/eventsindexpage.tsx
4:42:34 PM [vite] (client) hmr update /src/styles.css
5:52:14 PM [vite] (client) hmr update /src/pages/EventsIndexPage.tsx
5:52:26 PM [vite] (client) hmr update /src/pages/EventsIndexPage.tsx
5:58:36 PM [vite] (client) hmr update /src/components/WizardPreviewCard.tsx
5:58:54 PM [vite] (client) hmr update /src/components/WizardPreviewCard.tsx
5:59:14 PM [vite] (client) page reload src/lib/atoms.ts
5:59:25 PM [vite] (client) hmr update /src/pages/RequestsPage.tsx
5:59:32 PM [vite] (client) hmr update /src/pages/RequestsPage.tsx
5:59:53 PM [vite] (client) hmr update /src/pages/RequestsPage.tsx
6:01:17 PM [vite] (client) hmr update /src/pages/DevicesPage.tsx
6:01:24 PM [vite] (client) hmr update /src/pages/DevicesPage.tsx
6:01:34 PM [vite] (client) hmr update /src/pages/DevicesPage.tsx
6:59:41 PM [vite] (client) page reload src/lib/api.ts
7:00:35 PM [vite] (client) page reload src/lib/atoms.ts
7:00:47 PM [vite] (client) page reload src/lib/atoms.ts
7:01:04 PM [vite] (client) page reload src/lib/atoms.ts
7:01:17 PM [vite] (client) page reload src/lib/atoms.ts
7:03:09 PM [vite] (client) hmr update /src/pages/InventoryPage.tsx
7:17:40 PM [vite] (client) hmr update /src/App.tsx
7:17:46 PM [vite] (client) hmr update /src/App.tsx
7:17:58 PM [vite] (client) hmr update /src/components/Layout.tsx
10:48:40 PM [vite] (client) page reload index.html
12:01:46 AM [vite] (client) hmr update /src/components/Layout.tsx
12:01:57 AM [vite] (client) hmr update /src/pages/PayoutsPage.tsx
12:02:09 AM [vite] (client) hmr update /src/pages/PayoutsPage.tsx
12:57:13 AM [vite] (client) page reload src/lib/atoms.ts
12:58:19 AM [vite] (client) hmr update /src/pages/InventoryPage.tsx
12:58:27 AM [vite] (client) hmr update /src/pages/InventoryPage.tsx
12:58:36 AM [vite] (client) hmr update /src/pages/InventoryPage.tsx
1:00:22 AM [vite] (client) hmr update /src/components/Layout.tsx
1:01:04 AM [vite] (client) hmr update /src/components/Layout.tsx
1:01:38 AM [vite] (client) hmr update /@fs/C:/Users/Abcom/Downloads/justforcpls-platform/jfc-ui-web/dist/atoms/Text.js
1:01:38 AM [vite] (client) hmr update /@fs/C:/Users/Abcom/Downloads/justforcpls-platform/jfc-ui-web/dist/atoms/Icon.js
1:01:39 AM [vite] (client) hmr update /@fs/C:/Users/Abcom/Downloads/justforcpls-platform/jfc-ui-web/dist/atoms/Chip.js
1:01:39 AM [vite] (client) hmr update /@fs/C:/Users/Abcom/Downloads/justforcpls-platform/jfc-ui-web/dist/atoms/Button.js
1:01:39 AM [vite] (client) hmr update /@fs/C:/Users/Abcom/Downloads/justforcpls-platform/jfc-ui-web/dist/atoms/ProgressBar.js
1:01:39 AM [vite] (client) hmr update /@fs/C:/Users/Abcom/Downloads/justforcpls-platform/jfc-ui-web/dist/atoms/Skeleton.js
1:01:39 AM [vite] (client) hmr update /@fs/C:/Users/Abcom/Downloads/justforcpls-platform/jfc-ui-web/dist/atoms/Panel.js
1:01:39 AM [vite] (client) hmr update /@fs/C:/Users/Abcom/Downloads/justforcpls-platform/jfc-ui-web/dist/atoms/ReasonField.js
1:01:39 AM [vite] (client) hmr update /@fs/C:/Users/Abcom/Downloads/justforcpls-platform/jfc-ui-web/dist/atoms/TypedConfirm.js
1:01:39 AM [vite] (client) hmr update /@fs/C:/Users/Abcom/Downloads/justforcpls-platform/jfc-ui-web/dist/atoms/TextField.js
1:01:39 AM [vite] (client) hmr update /@fs/C:/Users/Abcom/Downloads/justforcpls-platform/jfc-ui-web/dist/atoms/Popover.js
1:01:39 AM [vite] (client) hmr update /@fs/C:/Users/Abcom/Downloads/justforcpls-platform/jfc-ui-web/dist/atoms/Select.js
1:01:40 AM [vite] (client) hmr update /@fs/C:/Users/Abcom/Downloads/justforcpls-platform/jfc-ui-web/dist/atoms/Select.js
1:01:40 AM [vite] (client) hmr update /@fs/C:/Users/Abcom/Downloads/justforcpls-platform/jfc-ui-web/dist/atoms/MultiSelect.js
1:01:40 AM [vite] (client) hmr update /@fs/C:/Users/Abcom/Downloads/justforcpls-platform/jfc-ui-web/dist/atoms/Checkbox.js
1:01:40 AM [vite] (client) hmr update /@fs/C:/Users/Abcom/Downloads/justforcpls-platform/jfc-ui-web/dist/atoms/Radio.js
1:01:40 AM [vite] (client) hmr update /@fs/C:/Users/Abcom/Downloads/justforcpls-platform/jfc-ui-web/dist/molecules/Badges.js
1:01:40 AM [vite] (client) hmr update /@fs/C:/Users/Abcom/Downloads/justforcpls-platform/jfc-ui-web/dist/molecules/StatTile.js
1:01:40 AM [vite] (client) hmr update /@fs/C:/Users/Abcom/Downloads/justforcpls-platform/jfc-ui-web/dist/molecules/KvRow.js
1:01:41 AM [vite] (client) hmr update /@fs/C:/Users/Abcom/Downloads/justforcpls-platform/jfc-ui-web/dist/molecules/CapabilityGate.js
1:01:41 AM [vite] (client) hmr update /@fs/C:/Users/Abcom/Downloads/justforcpls-platform/jfc-ui-web/dist/molecules/EmptyState.js
1:01:41 AM [vite] (client) hmr update /@fs/C:/Users/Abcom/Downloads/justforcpls-platform/jfc-ui-web/dist/molecules/PageHeader.js
1:01:41 AM [vite] (client) hmr update /@fs/C:/Users/Abcom/Downloads/justforcpls-platform/jfc-ui-web/dist/molecules/ListCard.js
1:01:41 AM [vite] (client) hmr update /@fs/C:/Users/Abcom/Downloads/justforcpls-platform/jfc-ui-web/dist/molecules/Table.js
1:01:42 AM [vite] (client) hmr update /@fs/C:/Users/Abcom/Downloads/justforcpls-platform/jfc-ui-web/dist/molecules/Pagination.js
1:01:42 AM [vite] (client) hmr update /@fs/C:/Users/Abcom/Downloads/justforcpls-platform/jfc-ui-web/dist/molecules/DataTable.js
1:01:42 AM [vite] (client) page reload C:/Users/Abcom/Downloads/justforcpls-platform/jfc-ui-web/dist/molecules/dateUtils.js
1:01:43 AM [vite] (client) hmr update /@fs/C:/Users/Abcom/Downloads/justforcpls-platform/jfc-ui-web/dist/molecules/DatePicker.js
1:01:43 AM [vite] (client) hmr update /@fs/C:/Users/Abcom/Downloads/justforcpls-platform/jfc-ui-web/dist/molecules/TimePicker.js
1:01:43 AM [vite] (client) hmr update /@fs/C:/Users/Abcom/Downloads/justforcpls-platform/jfc-ui-web/dist/molecules/DateRangePicker.js
1:01:43 AM [vite] (client) hmr update /@fs/C:/Users/Abcom/Downloads/justforcpls-platform/jfc-ui-web/dist/molecules/Timeline.js
1:01:43 AM [vite] (client) hmr update /@fs/C:/Users/Abcom/Downloads/justforcpls-platform/jfc-ui-web/dist/molecules/MessageBubble.js
1:01:43 AM [vite] (client) hmr update /@fs/C:/Users/Abcom/Downloads/justforcpls-platform/jfc-ui-web/dist/molecules/LedgerRow.js
1:01:43 AM [vite] (client) hmr update /@fs/C:/Users/Abcom/Downloads/justforcpls-platform/jfc-ui-web/dist/molecules/BarRow.js
1:01:43 AM [vite] (client) hmr update /@fs/C:/Users/Abcom/Downloads/justforcpls-platform/jfc-ui-web/dist/molecules/SlaChip.js
1:01:43 AM [vite] (client) hmr update /@fs/C:/Users/Abcom/Downloads/justforcpls-platform/jfc-ui-web/dist/molecules/AuditNote.js
1:01:43 AM [vite] (client) hmr update /@fs/C:/Users/Abcom/Downloads/justforcpls-platform/jfc-ui-web/dist/molecules/ActionCard.js
1:01:44 AM [vite] (client) hmr update /@fs/C:/Users/Abcom/Downloads/justforcpls-platform/jfc-ui-web/dist/molecules/PasswordStrength.js
1:01:44 AM [vite] (client) hmr update /@fs/C:/Users/Abcom/Downloads/justforcpls-platform/jfc-ui-web/dist/molecules/RadioGroup.js
1:01:44 AM [vite] (client) hmr update /@fs/C:/Users/Abcom/Downloads/justforcpls-platform/jfc-ui-web/dist/organisms/PortalShell.js
1:01:44 AM [vite] (client) hmr update /@fs/C:/Users/Abcom/Downloads/justforcpls-platform/jfc-ui-web/dist/organisms/Modal.js
1:01:44 AM [vite] (client) hmr update /@fs/C:/Users/Abcom/Downloads/justforcpls-platform/jfc-ui-web/dist/organisms/ConfirmModal.js
1:01:44 AM [vite] (client) hmr update /@fs/C:/Users/Abcom/Downloads/justforcpls-platform/jfc-ui-web/dist/organisms/FourEyesModal.js
1:01:44 AM [vite] (client) hmr update /@fs/C:/Users/Abcom/Downloads/justforcpls-platform/jfc-ui-web/dist/organisms/MacroPicker.js
1:01:44 AM [vite] (client) hmr update /@fs/C:/Users/Abcom/Downloads/justforcpls-platform/jfc-ui-web/dist/organisms/ReplyComposer.js
1:01:44 AM [vite] (client) hmr update /@fs/C:/Users/Abcom/Downloads/justforcpls-platform/jfc-ui-web/dist/organisms/Toast.js
1:01:44 AM [vite] (client) page reload C:/Users/Abcom/Downloads/justforcpls-platform/jfc-ui-web/dist/index.js
3:15:20 AM [vite] (client) page reload C:/Users/Abcom/Downloads/justforcpls-platform/jfc-ui-web/dist/index.js
3:15:21 AM [vite] (client) hmr update /@fs/C:/Users/Abcom/Downloads/justforcpls-platform/jfc-ui-web/dist/molecules/DateRangePicker.js
3:15:21 AM [vite] (client) hmr update /@fs/C:/Users/Abcom/Downloads/justforcpls-platform/jfc-ui-web/dist/organisms/ReplyComposer.js
3:15:21 AM [vite] (client) hmr update /@fs/C:/Users/Abcom/Downloads/justforcpls-platform/jfc-ui-web/dist/molecules/AuditNote.js
3:15:21 AM [vite] (client) hmr update /@fs/C:/Users/Abcom/Downloads/justforcpls-platform/jfc-ui-web/dist/molecules/ActionCard.js
3:15:21 AM [vite] (client) hmr update /@fs/C:/Users/Abcom/Downloads/justforcpls-platform/jfc-ui-web/dist/organisms/FourEyesModal.js
3:20:34 AM [vite] (client) hmr update /@fs/c:/Users/Abcom/Downloads/justforcpls-platform/jfc-ui-web/src/atoms/Popover.tsx
3:20:42 AM [vite] (client) hmr update /@fs/C:/Users/Abcom/Downloads/justforcpls-platform/jfc-ui-web/src/tokens.css
3:20:48 AM [vite] (client) hmr update /@fs/C:/Users/Abcom/Downloads/justforcpls-platform/jfc-ui-web/src/tokens.css
3:21:38 AM [vite] (client) hmr update /@fs/C:/Users/Abcom/Downloads/justforcpls-platform/jfc-ui-web/dist/atoms/Text.js
3:21:38 AM [vite] (client) hmr update /@fs/C:/Users/Abcom/Downloads/justforcpls-platform/jfc-ui-web/dist/atoms/Icon.js
3:21:38 AM [vite] (client) hmr update /@fs/C:/Users/Abcom/Downloads/justforcpls-platform/jfc-ui-web/dist/atoms/Chip.js
3:21:38 AM [vite] (client) hmr update /@fs/C:/Users/Abcom/Downloads/justforcpls-platform/jfc-ui-web/dist/atoms/Button.js
3:21:38 AM [vite] (client) hmr update /@fs/C:/Users/Abcom/Downloads/justforcpls-platform/jfc-ui-web/dist/atoms/ProgressBar.js
3:21:38 AM [vite] (client) hmr update /@fs/C:/Users/Abcom/Downloads/justforcpls-platform/jfc-ui-web/dist/atoms/Skeleton.js
3:21:38 AM [vite] (client) hmr update /@fs/C:/Users/Abcom/Downloads/justforcpls-platform/jfc-ui-web/dist/atoms/Panel.js
3:21:38 AM [vite] (client) hmr update /@fs/C:/Users/Abcom/Downloads/justforcpls-platform/jfc-ui-web/dist/atoms/ReasonField.js
3:21:38 AM [vite] (client) hmr update /@fs/C:/Users/Abcom/Downloads/justforcpls-platform/jfc-ui-web/dist/atoms/TypedConfirm.js
3:21:38 AM [vite] (client) hmr update /@fs/C:/Users/Abcom/Downloads/justforcpls-platform/jfc-ui-web/dist/atoms/TextField.js
3:21:38 AM [vite] (client) hmr update /@fs/C:/Users/Abcom/Downloads/justforcpls-platform/jfc-ui-web/dist/atoms/Popover.js
3:21:38 AM [vite] (client) hmr update /@fs/C:/Users/Abcom/Downloads/justforcpls-platform/jfc-ui-web/dist/atoms/Select.js
3:21:38 AM [vite] (client) hmr update /@fs/C:/Users/Abcom/Downloads/justforcpls-platform/jfc-ui-web/dist/atoms/MultiSelect.js
3:21:38 AM [vite] (client) hmr update /@fs/C:/Users/Abcom/Downloads/justforcpls-platform/jfc-ui-web/dist/atoms/Checkbox.js
3:21:38 AM [vite] (client) hmr update /@fs/C:/Users/Abcom/Downloads/justforcpls-platform/jfc-ui-web/dist/atoms/Radio.js
3:21:38 AM [vite] (client) hmr update /@fs/C:/Users/Abcom/Downloads/justforcpls-platform/jfc-ui-web/dist/molecules/Badges.js
3:21:38 AM [vite] (client) hmr update /@fs/C:/Users/Abcom/Downloads/justforcpls-platform/jfc-ui-web/dist/molecules/StatTile.js
3:21:38 AM [vite] (client) hmr update /@fs/C:/Users/Abcom/Downloads/justforcpls-platform/jfc-ui-web/dist/molecules/KvRow.js
3:21:38 AM [vite] (client) hmr update /@fs/C:/Users/Abcom/Downloads/justforcpls-platform/jfc-ui-web/dist/molecules/CapabilityGate.js
3:21:38 AM [vite] (client) hmr update /@fs/C:/Users/Abcom/Downloads/justforcpls-platform/jfc-ui-web/dist/molecules/EmptyState.js
3:21:38 AM [vite] (client) hmr update /@fs/C:/Users/Abcom/Downloads/justforcpls-platform/jfc-ui-web/dist/molecules/PageHeader.js
3:21:38 AM [vite] (client) hmr update /@fs/C:/Users/Abcom/Downloads/justforcpls-platform/jfc-ui-web/dist/molecules/ListCard.js
3:21:39 AM [vite] (client) hmr update /@fs/C:/Users/Abcom/Downloads/justforcpls-platform/jfc-ui-web/dist/molecules/Table.js
3:21:39 AM [vite] (client) hmr update /@fs/C:/Users/Abcom/Downloads/justforcpls-platform/jfc-ui-web/dist/molecules/Pagination.js
3:21:39 AM [vite] (client) hmr update /@fs/C:/Users/Abcom/Downloads/justforcpls-platform/jfc-ui-web/dist/molecules/DataTable.js
3:21:39 AM [vite] (client) page reload C:/Users/Abcom/Downloads/justforcpls-platform/jfc-ui-web/dist/molecules/dateUtils.js
3:21:39 AM [vite] (client) hmr update /@fs/C:/Users/Abcom/Downloads/justforcpls-platform/jfc-ui-web/dist/molecules/DatePicker.js
3:21:39 AM [vite] (client) hmr update /@fs/C:/Users/Abcom/Downloads/justforcpls-platform/jfc-ui-web/dist/molecules/TimePicker.js
3:21:39 AM [vite] (client) hmr update /@fs/C:/Users/Abcom/Downloads/justforcpls-platform/jfc-ui-web/dist/molecules/DateRangePicker.js
3:21:39 AM [vite] (client) hmr update /@fs/C:/Users/Abcom/Downloads/justforcpls-platform/jfc-ui-web/dist/molecules/Timeline.js
3:21:39 AM [vite] (client) hmr update /@fs/C:/Users/Abcom/Downloads/justforcpls-platform/jfc-ui-web/dist/molecules/MessageBubble.js
3:21:39 AM [vite] (client) hmr update /@fs/C:/Users/Abcom/Downloads/justforcpls-platform/jfc-ui-web/dist/molecules/LedgerRow.js
3:21:39 AM [vite] (client) hmr update /@fs/C:/Users/Abcom/Downloads/justforcpls-platform/jfc-ui-web/dist/molecules/BarRow.js
3:21:39 AM [vite] (client) hmr update /@fs/C:/Users/Abcom/Downloads/justforcpls-platform/jfc-ui-web/dist/molecules/SlaChip.js
3:21:39 AM [vite] (client) hmr update /@fs/C:/Users/Abcom/Downloads/justforcpls-platform/jfc-ui-web/dist/molecules/AuditNote.js
3:21:39 AM [vite] (client) hmr update /@fs/C:/Users/Abcom/Downloads/justforcpls-platform/jfc-ui-web/dist/molecules/ActionCard.js
3:21:39 AM [vite] (client) hmr update /@fs/C:/Users/Abcom/Downloads/justforcpls-platform/jfc-ui-web/dist/molecules/PasswordStrength.js
3:21:39 AM [vite] (client) hmr update /@fs/C:/Users/Abcom/Downloads/justforcpls-platform/jfc-ui-web/dist/molecules/RadioGroup.js
3:21:39 AM [vite] (client) hmr update /@fs/C:/Users/Abcom/Downloads/justforcpls-platform/jfc-ui-web/dist/organisms/PortalShell.js
3:21:39 AM [vite] (client) hmr update /@fs/C:/Users/Abcom/Downloads/justforcpls-platform/jfc-ui-web/dist/organisms/ConfirmModal.js
3:21:39 AM [vite] (client) hmr update /@fs/C:/Users/Abcom/Downloads/justforcpls-platform/jfc-ui-web/dist/organisms/Modal.js
3:21:39 AM [vite] (client) hmr update /@fs/C:/Users/Abcom/Downloads/justforcpls-platform/jfc-ui-web/dist/organisms/FourEyesModal.js
3:21:39 AM [vite] (client) hmr update /@fs/C:/Users/Abcom/Downloads/justforcpls-platform/jfc-ui-web/dist/organisms/MacroPicker.js
3:21:39 AM [vite] (client) hmr update /@fs/C:/Users/Abcom/Downloads/justforcpls-platform/jfc-ui-web/dist/organisms/ReplyComposer.js
3:21:39 AM [vite] (client) hmr update /@fs/C:/Users/Abcom/Downloads/justforcpls-platform/jfc-ui-web/dist/organisms/Toast.js
3:21:39 AM [vite] (client) page reload C:/Users/Abcom/Downloads/justforcpls-platform/jfc-ui-web/dist/index.js
3:31:54 AM [vite] (client) hmr update /@fs/C:/Users/Abcom/Downloads/justforcpls-platform/jfc-ui-web/src/tokens.css
3:32:08 AM [vite] (client) hmr update /@fs/C:/Users/Abcom/Downloads/justforcpls-platform/jfc-ui-web/src/tokens.css
4:06:51 AM [vite] (client) hmr update /src/pages/DevicesPage.tsx
4:07:00 AM [vite] (client) hmr update /src/pages/DevicesPage.tsx
4:07:10 AM [vite] (client) hmr update /src/pages/DevicesPage.tsx
4:07:30 AM [vite] (client) hmr update /src/pages/DevicesPage.tsx
4:24:12 AM [vite] (client) hmr update /src/components/Layout.tsx
4:24:39 AM [vite] (client) hmr update /src/styles.css
4:26:16 AM [vite] (client) hmr update /src/pages/InventoryPage.tsx
4:26:22 AM [vite] (client) hmr update /src/pages/InventoryPage.tsx
4:26:29 AM [vite] (client) hmr update /src/pages/InventoryPage.tsx
4:26:36 AM [vite] (client) hmr update /src/pages/InventoryPage.tsx
4:26:59 AM [vite] (client) hmr update /src/pages/InventoryPage.tsx
4:28:21 AM [vite] (client) page reload src/lib/atoms.ts
4:29:26 AM [vite] (client) hmr update /@fs/C:/Users/Abcom/Downloads/justforcpls-platform/jfc-ui-web/dist/atoms/Chip.js
4:29:26 AM [vite] (client) hmr update /@fs/C:/Users/Abcom/Downloads/justforcpls-platform/jfc-ui-web/dist/atoms/Skeleton.js
4:29:26 AM [vite] (client) hmr update /@fs/C:/Users/Abcom/Downloads/justforcpls-platform/jfc-ui-web/dist/atoms/Panel.js
4:29:26 AM [vite] (client) hmr update /@fs/C:/Users/Abcom/Downloads/justforcpls-platform/jfc-ui-web/dist/molecules/EmptyState.js
4:29:26 AM [vite] (client) hmr update /@fs/C:/Users/Abcom/Downloads/justforcpls-platform/jfc-ui-web/dist/atoms/Popover.js
4:29:26 AM [vite] (client) page reload C:/Users/Abcom/Downloads/justforcpls-platform/jfc-ui-web/dist/molecules/dateUtils.js
4:29:26 AM [vite] (client) hmr update /@fs/C:/Users/Abcom/Downloads/justforcpls-platform/jfc-ui-web/dist/molecules/CapabilityGate.js
4:35:09 AM [vite] (client) hmr update /@fs/C:/Users/Abcom/Downloads/justforcpls-platform/jfc-ui-web/src/tokens.css
4:36:04 AM [vite] (client) hmr update /@fs/C:/Users/Abcom/Downloads/justforcpls-platform/jfc-ui-web/dist/atoms/Text.js
4:36:04 AM [vite] (client) hmr update /@fs/C:/Users/Abcom/Downloads/justforcpls-platform/jfc-ui-web/dist/atoms/Icon.js
4:36:04 AM [vite] (client) hmr update /@fs/C:/Users/Abcom/Downloads/justforcpls-platform/jfc-ui-web/dist/atoms/Chip.js
4:36:04 AM [vite] (client) hmr update /@fs/C:/Users/Abcom/Downloads/justforcpls-platform/jfc-ui-web/dist/atoms/Button.js
4:36:04 AM [vite] (client) hmr update /@fs/C:/Users/Abcom/Downloads/justforcpls-platform/jfc-ui-web/dist/atoms/ProgressBar.js
4:36:04 AM [vite] (client) hmr update /@fs/C:/Users/Abcom/Downloads/justforcpls-platform/jfc-ui-web/dist/atoms/Skeleton.js
4:36:04 AM [vite] (client) hmr update /@fs/C:/Users/Abcom/Downloads/justforcpls-platform/jfc-ui-web/dist/atoms/Panel.js
4:36:04 AM [vite] (client) hmr update /@fs/C:/Users/Abcom/Downloads/justforcpls-platform/jfc-ui-web/dist/atoms/ReasonField.js
4:36:04 AM [vite] (client) hmr update /@fs/C:/Users/Abcom/Downloads/justforcpls-platform/jfc-ui-web/dist/atoms/TypedConfirm.js
4:36:04 AM [vite] (client) hmr update /@fs/C:/Users/Abcom/Downloads/justforcpls-platform/jfc-ui-web/dist/atoms/TextField.js
4:36:04 AM [vite] (client) hmr update /@fs/C:/Users/Abcom/Downloads/justforcpls-platform/jfc-ui-web/dist/atoms/Popover.js
4:36:04 AM [vite] (client) hmr update /@fs/C:/Users/Abcom/Downloads/justforcpls-platform/jfc-ui-web/dist/atoms/Select.js
4:36:04 AM [vite] (client) hmr update /@fs/C:/Users/Abcom/Downloads/justforcpls-platform/jfc-ui-web/dist/atoms/MultiSelect.js
4:36:05 AM [vite] (client) hmr update /@fs/C:/Users/Abcom/Downloads/justforcpls-platform/jfc-ui-web/dist/atoms/Checkbox.js
4:36:05 AM [vite] (client) hmr update /@fs/C:/Users/Abcom/Downloads/justforcpls-platform/jfc-ui-web/dist/atoms/Radio.js
4:36:05 AM [vite] (client) hmr update /@fs/C:/Users/Abcom/Downloads/justforcpls-platform/jfc-ui-web/dist/molecules/Badges.js
4:36:05 AM [vite] (client) hmr update /@fs/C:/Users/Abcom/Downloads/justforcpls-platform/jfc-ui-web/dist/molecules/StatTile.js
4:36:05 AM [vite] (client) hmr update /@fs/C:/Users/Abcom/Downloads/justforcpls-platform/jfc-ui-web/dist/molecules/KvRow.js
4:36:05 AM [vite] (client) hmr update /@fs/C:/Users/Abcom/Downloads/justforcpls-platform/jfc-ui-web/dist/molecules/CapabilityGate.js
4:36:05 AM [vite] (client) hmr update /@fs/C:/Users/Abcom/Downloads/justforcpls-platform/jfc-ui-web/dist/molecules/EmptyState.js
4:36:05 AM [vite] (client) hmr update /@fs/C:/Users/Abcom/Downloads/justforcpls-platform/jfc-ui-web/dist/molecules/PageHeader.js
4:36:05 AM [vite] (client) hmr update /@fs/C:/Users/Abcom/Downloads/justforcpls-platform/jfc-ui-web/dist/molecules/ListCard.js
4:36:05 AM [vite] (client) hmr update /@fs/C:/Users/Abcom/Downloads/justforcpls-platform/jfc-ui-web/dist/molecules/Table.js
4:36:05 AM [vite] (client) hmr update /@fs/C:/Users/Abcom/Downloads/justforcpls-platform/jfc-ui-web/dist/molecules/Pagination.js
4:36:05 AM [vite] (client) hmr update /@fs/C:/Users/Abcom/Downloads/justforcpls-platform/jfc-ui-web/dist/molecules/DataTable.js
4:36:05 AM [vite] (client) page reload C:/Users/Abcom/Downloads/justforcpls-platform/jfc-ui-web/dist/molecules/dateUtils.js
4:36:05 AM [vite] (client) hmr update /@fs/C:/Users/Abcom/Downloads/justforcpls-platform/jfc-ui-web/dist/molecules/DatePicker.js
4:36:06 AM [vite] (client) hmr update /@fs/C:/Users/Abcom/Downloads/justforcpls-platform/jfc-ui-web/dist/molecules/TimePicker.js
4:36:06 AM [vite] (client) hmr update /@fs/C:/Users/Abcom/Downloads/justforcpls-platform/jfc-ui-web/dist/molecules/DateRangePicker.js
4:36:06 AM [vite] (client) hmr update /@fs/C:/Users/Abcom/Downloads/justforcpls-platform/jfc-ui-web/dist/molecules/Timeline.js
4:36:06 AM [vite] (client) hmr update /@fs/C:/Users/Abcom/Downloads/justforcpls-platform/jfc-ui-web/dist/molecules/MessageBubble.js
4:36:06 AM [vite] (client) hmr update /@fs/C:/Users/Abcom/Downloads/justforcpls-platform/jfc-ui-web/dist/molecules/LedgerRow.js
4:36:06 AM [vite] (client) hmr update /@fs/C:/Users/Abcom/Downloads/justforcpls-platform/jfc-ui-web/dist/molecules/BarRow.js
4:36:06 AM [vite] (client) hmr update /@fs/C:/Users/Abcom/Downloads/justforcpls-platform/jfc-ui-web/dist/molecules/SlaChip.js
4:36:06 AM [vite] (client) hmr update /@fs/C:/Users/Abcom/Downloads/justforcpls-platform/jfc-ui-web/dist/molecules/AuditNote.js
4:36:06 AM [vite] (client) hmr update /@fs/C:/Users/Abcom/Downloads/justforcpls-platform/jfc-ui-web/dist/molecules/ActionCard.js
4:36:06 AM [vite] (client) hmr update /@fs/C:/Users/Abcom/Downloads/justforcpls-platform/jfc-ui-web/dist/molecules/PasswordStrength.js
4:36:06 AM [vite] (client) hmr update /@fs/C:/Users/Abcom/Downloads/justforcpls-platform/jfc-ui-web/dist/molecules/RadioGroup.js
4:36:06 AM [vite] (client) hmr update /@fs/C:/Users/Abcom/Downloads/justforcpls-platform/jfc-ui-web/dist/organisms/PortalShell.js
4:36:06 AM [vite] (client) hmr update /@fs/C:/Users/Abcom/Downloads/justforcpls-platform/jfc-ui-web/dist/organisms/Modal.js
4:36:06 AM [vite] (client) hmr update /@fs/C:/Users/Abcom/Downloads/justforcpls-platform/jfc-ui-web/dist/organisms/ConfirmModal.js
4:36:06 AM [vite] (client) hmr update /@fs/C:/Users/Abcom/Downloads/justforcpls-platform/jfc-ui-web/dist/organisms/FourEyesModal.js
4:36:06 AM [vite] (client) hmr update /@fs/C:/Users/Abcom/Downloads/justforcpls-platform/jfc-ui-web/dist/organisms/MacroPicker.js
4:36:06 AM [vite] (client) hmr update /@fs/C:/Users/Abcom/Downloads/justforcpls-platform/jfc-ui-web/dist/organisms/ReplyComposer.js
4:36:06 AM [vite] (client) hmr update /@fs/C:/Users/Abcom/Downloads/justforcpls-platform/jfc-ui-web/dist/organisms/Toast.js
4:36:07 AM [vite] (client) page reload C:/Users/Abcom/Downloads/justforcpls-platform/jfc-ui-web/dist/index.js
4:39:22 AM [vite] (client) hmr update /src/components/Layout.tsx
4:40:02 AM [vite] (client) hmr update /src/styles.css
10:49:24 AM [vite] (client) page reload src/lib/api.ts
10:49:52 AM [vite] (client) page reload src/lib/atoms.ts
10:50:53 AM [vite] (client) hmr update /src/components/Layout.tsx
10:54:06 AM [vite] (client) page reload C:/Users/Abcom/Downloads/justforcpls-platform/jfc-ui-web/dist/index.js
10:54:06 AM [vite] (client) hmr update /@fs/C:/Users/Abcom/Downloads/justforcpls-platform/jfc-ui-web/dist/molecules/Badges.js
10:54:06 AM [vite] (client) hmr update /@fs/C:/Users/Abcom/Downloads/justforcpls-platform/jfc-ui-web/dist/organisms/ReplyComposer.js
10:54:06 AM [vite] (client) hmr update /@fs/C:/Users/Abcom/Downloads/justforcpls-platform/jfc-ui-web/dist/organisms/MacroPicker.js
10:54:06 AM [vite] (client) hmr update /@fs/C:/Users/Abcom/Downloads/justforcpls-platform/jfc-ui-web/dist/atoms/Select.js
10:54:06 AM [vite] (client) hmr update /@fs/C:/Users/Abcom/Downloads/justforcpls-platform/jfc-ui-web/dist/molecules/StatTile.js
10:54:07 AM [vite] (client) hmr update /@fs/C:/Users/Abcom/Downloads/justforcpls-platform/jfc-ui-web/dist/molecules/EmptyState.js
10:54:07 AM [vite] (client) hmr update /@fs/C:/Users/Abcom/Downloads/justforcpls-platform/jfc-ui-web/dist/molecules/DataTable.js
10:54:07 AM [vite] (client) hmr update /@fs/C:/Users/Abcom/Downloads/justforcpls-platform/jfc-ui-web/dist/molecules/DatePicker.js
12:15:22 PM [vite] (client) page reload src/lib/api.ts
2:27:02 AM [vite] (client) page reload index.html
5:05:52 PM [vite] (client) page reload index.html
3:12:16 PM [vite] (client) page reload index.html
